WARNING:root:this is a first warning of my program so modify it 
ERROR:root:this is msg for error
WARNING:root:this is a first warning of my program so modify it 
WARNING:root:this is a first warning of my program so modify it 
ERROR:root:this is msg for error
